---
source: tests/dcx.rs
expression: lines.len()
---
69821
